2025-11-22 21:23:41,163 - model - INFO - Создана нейронная сеть на устройстве: cuda
2025-11-22 21:23:41,163 - model - INFO - Архитектура: input_size=188, hidden_size=32, num_classes=20
2025-11-22 21:24:54,397 - root - INFO - Распознан интент: 'имя' с уверенностью 1.0000
2025-11-22 21:25:21,573 - root - INFO - Распознан интент: 'фильмы' с уверенностью 1.0000
2025-11-22 21:26:09,834 - root - INFO - Распознан интент: 'музыка' с уверенностью 1.0000
2025-11-22 21:26:29,326 - root - INFO - Распознан интент: 'музыка' с уверенностью 1.0000
2025-11-22 21:26:56,714 - root - INFO - Распознан интент: 'спорт' с уверенностью 0.7988
2025-11-22 21:27:13,542 - root - INFO - Распознан интент: 'фильмы' с уверенностью 1.0000
2025-11-22 21:27:53,271 - root - INFO - Распознан интент: 'помощь' с уверенностью 1.0000
2025-11-22 21:28:08,472 - root - WARNING - Низкая уверенность предсказания: 0.5362 для тега 'чувства'
2025-11-22 21:28:32,984 - root - WARNING - Низкая уверенность предсказания: 0.5362 для тега 'чувства'
2025-11-22 21:28:54,108 - root - INFO - Распознан интент: 'помощь' с уверенностью 1.0000
2025-11-22 21:29:09,783 - root - INFO - Распознан интент: 'помощь' с уверенностью 0.9971
2025-11-22 21:29:35,611 - root - WARNING - Низкая уверенность предсказания: 0.5280 для тега 'чувства'
2025-11-22 21:31:29,966 - root - INFO - Распознан интент: 'шутка' с уверенностью 1.0000
2025-11-22 21:31:40,877 - root - INFO - Распознан интент: 'шутка' с уверенностью 1.0000
2025-11-22 21:32:01,648 - root - INFO - Распознан интент: 'помощь' с уверенностью 0.9996
2025-11-22 21:32:35,680 - root - INFO - Распознан интент: 'путешествия' с уверенностью 0.9798
2025-11-22 21:32:58,158 - root - INFO - Распознан интент: 'путешествия' с уверенностью 1.0000
2025-11-22 21:33:25,357 - root - INFO - Распознан интент: 'путешествия' с уверенностью 0.9999
2025-11-22 21:34:10,509 - root - INFO - Распознан интент: 'музыка' с уверенностью 1.0000
2025-11-22 21:34:43,369 - root - INFO - Распознан интент: 'спорт' с уверенностью 1.0000
2025-11-22 21:35:07,153 - root - INFO - Распознан интент: 'спорт' с уверенностью 1.0000
2025-11-22 21:35:22,885 - root - INFO - Распознан интент: 'благодарность' с уверенностью 0.8502
2025-11-22 21:35:59,419 - root - WARNING - Низкая уверенность предсказания: 0.4096 для тега 'погода'
2025-11-22 21:36:19,540 - root - INFO - Распознан интент: 'спорт' с уверенностью 1.0000
2025-11-22 21:36:36,447 - root - INFO - Распознан интент: 'еда' с уверенностью 1.0000
2025-11-22 21:36:57,199 - root - INFO - Распознан интент: 'еда' с уверенностью 1.0000
2025-11-22 21:37:12,526 - root - INFO - Распознан интент: 'еда' с уверенностью 1.0000
2025-11-22 21:37:33,334 - root - INFO - Распознан интент: 'фильмы' с уверенностью 1.0000
2025-11-22 21:37:54,343 - root - INFO - Распознан интент: 'совет' с уверенностью 1.0000
2025-11-22 21:38:06,211 - root - INFO - Распознан интент: 'совет' с уверенностью 1.0000
2025-11-22 21:38:37,232 - root - INFO - Распознан интент: 'техподдержка' с уверенностью 1.0000
2025-11-22 21:38:54,301 - root - INFO - Распознан интент: 'техподдержка' с уверенностью 0.9924
2025-11-22 21:39:05,391 - root - INFO - Распознан интент: 'техподдержка' с уверенностью 1.0000
2025-11-22 21:39:19,117 - root - INFO - Распознан интент: 'техподдержка' с уверенностью 1.0000
2025-11-22 21:40:07,637 - root - INFO - Распознан интент: 'прощание' с уверенностью 1.0000
2025-11-22 21:40:15,132 - root - WARNING - Низкая уверенность предсказания: 0.5280 для тега 'чувства'
2025-11-22 21:40:45,555 - root - INFO - Распознан интент: 'время' с уверенностью 1.0000
2025-11-22 21:41:06,491 - root - INFO - Распознан интент: 'прощание' с уверенностью 1.0000
2025-11-23 10:59:03,549 - model - INFO - Создана нейронная сеть на устройстве: cuda
2025-11-23 10:59:03,549 - model - INFO - Архитектура: input_size=188, hidden_size=32, num_classes=20
