2025-11-22 18:58:21,673 - __main__ - INFO - Запуск обучения нейронной сети...
2025-11-22 18:58:21,673 - __main__ - INFO - Начало процесса обучения...
2025-11-22 18:58:21,681 - config - INFO - Используется GPU: NVIDIA GeForce RTX 3060 Laptop GPU
2025-11-22 18:58:21,681 - config - INFO - Количество GPU: 1
2025-11-22 18:58:21,681 - config - INFO - Объем памяти GPU: 6.00 GB
2025-11-22 18:58:21,681 - config - INFO - CUDA версия: 13.0
2025-11-22 18:58:21,683 - __main__ - INFO - Загрузка и подготовка данных...
2025-11-22 18:58:21,704 - nltk_utils - INFO - Создан словарь из 188 слов (минимальная частота: 1)
2025-11-22 18:58:21,705 - __main__ - INFO - Найдено 176 примеров для обучения
2025-11-22 18:58:21,705 - __main__ - INFO - Уникальных слов: 188
2025-11-22 18:58:21,706 - __main__ - INFO - Теги: ['благодарность', 'время', 'еда', 'имя', 'книги', 'комплимент', 'музыка', 'погода', 'помощь', 'приветствие', 'происхождение', 'прощание', 'прощание_неформальное', 'путешествия', 'совет', 'спорт', 'техподдержка', 'фильмы', 'чувства', 'шутка']
2025-11-22 18:58:21,711 - model - INFO - Создана улучшенная нейронная сеть на устройстве: cuda
2025-11-22 18:58:21,711 - model - INFO - Архитектура: input_size=188, hidden_size=32, num_classes=20
2025-11-22 18:58:21,811 - model - INFO - Модель оптимизирована для CUDA с cuDNN и mixed precision
2025-11-22 18:58:22,843 - __main__ - INFO - Начало обучения с использованием CUDA...
2025-11-22 19:05:43,033 - __main__ - INFO - Epoch [100/2000], Loss: 2.7965, Time: 440.19s, GPU Memory: 0.02/0.02 GB
2025-11-22 19:12:54,061 - __main__ - INFO - Epoch [200/2000], Loss: 1.9328, Time: 871.22s, GPU Memory: 0.02/0.02 GB
2025-11-22 19:20:09,984 - __main__ - INFO - Epoch [300/2000], Loss: 0.6268, Time: 1307.14s, GPU Memory: 0.02/0.02 GB
2025-11-22 19:27:37,276 - __main__ - INFO - Epoch [400/2000], Loss: 0.2779, Time: 1754.43s, GPU Memory: 0.02/0.02 GB
2025-11-22 19:34:46,555 - __main__ - INFO - Epoch [500/2000], Loss: 0.1710, Time: 2183.71s, GPU Memory: 0.02/0.02 GB
2025-11-22 19:41:49,339 - __main__ - INFO - Epoch [600/2000], Loss: 0.1617, Time: 2606.49s, GPU Memory: 0.02/0.02 GB
2025-11-22 19:48:54,402 - __main__ - INFO - Epoch [700/2000], Loss: 0.1293, Time: 3031.56s, GPU Memory: 0.02/0.02 GB
2025-11-22 19:56:01,575 - __main__ - INFO - Epoch [800/2000], Loss: 0.0650, Time: 3458.73s, GPU Memory: 0.02/0.02 GB
2025-11-22 20:03:09,549 - __main__ - INFO - Epoch [900/2000], Loss: 0.0979, Time: 3886.71s, GPU Memory: 0.02/0.02 GB
2025-11-22 20:10:17,378 - __main__ - INFO - Epoch [1000/2000], Loss: 0.0977, Time: 4314.54s, GPU Memory: 0.02/0.02 GB
2025-11-22 20:17:21,932 - __main__ - INFO - Epoch [1100/2000], Loss: 0.0457, Time: 4739.09s, GPU Memory: 0.02/0.02 GB
2025-11-22 20:24:43,662 - __main__ - INFO - Epoch [1200/2000], Loss: 0.0861, Time: 5180.82s, GPU Memory: 0.02/0.02 GB
2025-11-22 20:31:54,751 - __main__ - INFO - Epoch [1300/2000], Loss: 0.0409, Time: 5611.91s, GPU Memory: 0.02/0.02 GB
2025-11-22 20:39:03,734 - __main__ - INFO - Epoch [1400/2000], Loss: 0.0454, Time: 6040.89s, GPU Memory: 0.02/0.02 GB
2025-11-22 20:46:24,594 - __main__ - INFO - Epoch [1500/2000], Loss: 0.0563, Time: 6481.75s, GPU Memory: 0.02/0.02 GB
2025-11-22 20:53:39,815 - __main__ - INFO - Epoch [1600/2000], Loss: 0.0427, Time: 6916.97s, GPU Memory: 0.02/0.02 GB
2025-11-22 21:01:13,155 - __main__ - INFO - Epoch [1700/2000], Loss: 0.0540, Time: 7370.31s, GPU Memory: 0.02/0.02 GB
2025-11-22 21:08:28,082 - __main__ - INFO - Epoch [1800/2000], Loss: 0.0468, Time: 7805.24s, GPU Memory: 0.02/0.02 GB
2025-11-22 21:15:49,076 - __main__ - INFO - Epoch [1900/2000], Loss: 0.0411, Time: 8246.23s, GPU Memory: 0.02/0.02 GB
2025-11-22 21:23:02,312 - __main__ - INFO - Epoch [2000/2000], Loss: 0.0916, Time: 8679.47s, GPU Memory: 0.02/0.02 GB
2025-11-22 21:23:02,342 - __main__ - INFO - Модель сохранена с информацией о CUDA: models/trained_models/chatbot_model.pth
2025-11-22 21:23:02,342 - __main__ - INFO - Обучение завершено за 8679.50 секунд
2025-11-22 21:23:03,261 - root - INFO - График обучения сохранен: training_progress.png
2025-11-22 21:23:03,261 - __main__ - INFO - Обучение успешно завершено!
